Parsing trainings.md …
  Found 269 unique URLs.
  [1/269] https://gsa.csod.com/ui/lms-learning-details/app/onlineContent/184869c1-
  [2/269] https://gsa.csod.com/ui/lms-learning-details/app/onlineContent/a7bff84b-
  [3/269] https://gsa.csod.com/ui/lms-learning-details/app/onlineContent/2e36782b-
  [4/269] https://gsa.csod.com/ui/lms-learning-details/app/onlineContent/622f3aa7-
  [5/269] https://gsa.csod.com/ui/lms-learning-details/app/onlineContent/2aacbc96-
  [6/269] https://gsa.csod.com/GlobalSearch/Search.aspx#q=Analytical%20Thinking&s=
  [7/269] https://www.amanet.org/developing-your-analytical-skills-how-to-research
  [8/269] https://www.federaltraining.com/courses/analytical_skills/Critical_and_A
  [9/269] https://leadership.opm.gov/programs.aspx?course=245
  [10/269] https://leadership.opm.gov/search.aspx?c=37&sortby=2
  [11/269] https://share.percipio.com/cd/7eovnEgR2
  [12/269] https://share.percipio.com/cd/XyhOgXc9F
  [13/269] https://gsa.csod.com/ui/lms-learning-details/app/onlineContent/94ca3da0-
  [14/269] https://gsa.csod.com/ui/lms-learning-details/app/course/eadb4578-71d4-4c
  [15/269] https://gsa.csod.com/GlobalSearch/Search.aspx#q=Collaboration&s=1&a=
  [16/269] https://share.percipio.com/cd/EXJzE4oVy
  [17/269] https://share.percipio.com/cd/MNRiBTpd1
  [18/269] https://share.percipio.com/cd/LpcW8NTMl
  [19/269] https://gsa.csod.com/ui/lms-learning-details/app/onlineContent/86afed97-
  [20/269] https://gsa.csod.com/ui/lms-learning-details/app/onlineContent/fe2f37d1-
  [21/269] https://gsa.csod.com/GlobalSearch/Search.aspx#q=Critical%20Thinking&s=1&
  [22/269] https://www.strategyex.com/explore-our-courses/business-skills/critical-
  [23/269] https://www.federaltraining.com/courses/written_communication/Critical_T
  [24/269] https://bmra.com/course-item/critical-thinking-and-problem-solving/
  [25/269] https://www.thefarbootcamp.com/about-the-far-bootcamp/the-far-bootcamp-c
  [26/269] https://leadership.opm.gov/programs.aspx?course=262
  [27/269] https://leadership.opm.gov/programs.aspx?course=298
  [28/269] https://leadership.opm.gov/programs.aspx?course=337
  [29/269] https://share.percipio.com/cd/Pgp2pkfJ4
  [30/269] https://share.percipio.com/cd/GVpHJGZQ4
  [31/269] https://gsa.csod.com/ui/lms-learning-details/app/onlineContent/a6fce37f-
  [32/269] https://gsa.csod.com/ui/lms-learning-details/app/onlineContent/2ea972eb-
  [33/269] https://gsa.csod.com/GlobalSearch/Search.aspx#q=Customer%20Service&s=1&a
  [34/269] https://www.graduateschool.edu/courses/customer-service-excellence
  [35/269] https://www.graduateschool.edu/courses/effective-communication-customers
  [36/269] https://www.managementconcepts.com/course/id/4374
  [37/269] https://www.federaltraining.com/courses/professional_development/Custome
  [38/269] https://leadership.opm.gov/programs.aspx?course=323
  [39/269] https://leadership.opm.gov/programs.aspx?course=44
  [40/269] https://leadership.opm.gov/programs.aspx?course=350
  [41/269] https://leadership.opm.gov/programs.aspx?course=181
  [42/269] https://leadership.opm.gov/programs.aspx?course=14
  [43/269] https://leadership.opm.gov/search.aspx?c=3&sortby=2
  [44/269] https://share.percipio.com/cd/S7t5nr3qO
  [45/269] https://share.percipio.com/cd/fEbHagwO0
  [46/269] https://share.percipio.com/cd/jEQ9wLXqb
  [47/269] https://gsa.csod.com/GlobalSearch/Search.aspx#q=Interpersonal%20Skills&s
  [48/269] https://ciinternational.com/services/training/
  [49/269] https://www.managementconcepts.com/course/id/4367
  [50/269] https://www.graduateschool.edu/courses/building-effective-organizational
  [51/269] https://www.graduateschool.edu/courses/interpersonal-communications
  [52/269] https://www.graduateschool.edu/training/curriculum-offerings/communicati
  [53/269] https://careerstonegroup.com/training-networking-matters.html
  [54/269] https://leadership.opm.gov/programs.aspx?course=164
  [55/269] https://gsa.csod.com/ui/lms-learning-details/app/course/5996bedd-bef4-41
  [56/269] https://gsa.csod.com/ui/lms-learning-details/app/course/ecdc61b3-dae7-49
  [57/269] https://gsa.csod.com/ui/lms-learning-details/app/course/1ab419ce-b99b-45
  [58/269] https://gsa.csod.com/GlobalSearch/Search.aspx#q=GSA%20Job%20Aid&s=1&a=
  [59/269] https://gsa.csod.com/ui/lms-learning-details/app/material/c9c5ecb3-3de9-
  [60/269] https://gsa.csod.com/ui/lms-learning-details/app/onlineContent/a8a986ef-
  [61/269] https://gsa.csod.com/ui/lms-learning-details/app/onlineContent/d37d2c23-
  [62/269] https://leadership.opm.gov/programs.aspx?course=329
  [63/269] http://leadership.opm.gov/programs.aspx?c=3
  [64/269] http://leadership.opm.gov/programs.aspx?c=5
  [65/269] https://gsa.csod.com/ui/lms-learning-details/app/onlineContent/25356144-
  [66/269] https://gsa.csod.com/ui/lms-learning-details/app/onlineContent/57a19c0c-
  [67/269] https://gsa.csod.com/ui/lms-learning-details/app/onlineContent/509af68b-
  [68/269] https://gsa.csod.com/ui/lms-learning-details/app/onlineContent/15229811-
  [69/269] https://www.managementconcepts.com/course/id/4002
  [70/269] https://www.managementconcepts.com/course/id/4001
  [71/269] http://register.graduateschool.edu/modules/shop/index.html?action=sectio
  [72/269] http://register.graduateschool.edu/modules/shop/index.html?action=sectio
  [73/269] http://register.graduateschool.edu/modules/shop/index.html?action=sectio
  [74/269] http://register.graduateschool.edu/modules/shop/index.html?action=sectio
  [75/269] http://leadership.opm.gov/programs.aspx?c=124
  [76/269] http://leadership.opm.gov/programs.aspx?c=125
  [77/269] http://leadership.opm.gov/programs.aspx?c=118
  [78/269] http://leadership.opm.gov/programs.aspx?c=121
  [79/269] https://leadership.opm.gov/search.aspx?k=Management&sortby=2
  [80/269] https://gsa.csod.com/ui/lms-learning-details/app/curriculum/e9978e95-254
  [81/269] https://gsa.csod.com/ui/lms-learning-details/app/curriculum/dadc6239-492
  [82/269] https://gsa.csod.com/ui/lms-learning-details/app/course/81f9c46d-1c33-42
  [83/269] https://gsa.csod.com/ui/lms-learning-details/app/onlineContent/b9807cf0-
  [84/269] http://register.graduateschool.edu/modules/shop/index.html?action=sectio
  [85/269] http://register.graduateschool.edu/modules/shop/index.html?action=sectio
  [86/269] http://register.graduateschool.edu/modules/shop/index.html?action=sectio
  [87/269] http://register.graduateschool.edu/modules/shop/index.html?action=sectio
  [88/269] https://leadership.opm.gov/programs.aspx?course=9
  [89/269] https://leadership.opm.gov/programs.aspx?course=351
  [90/269] https://leadership.opm.gov/programs.aspx?course=354
  [91/269] https://leadership.opm.gov/programs.aspx?course=234
  [92/269] https://gsa.percipio.com/channels/f1215f10-f91e-11e6-aad2-6b3c03be7fe8?s
  [93/269] https://gsa.csod.com/ui/lms-learning-details/app/onlineContent/03082612-
  [94/269] https://www.managementconcepts.com/course/id/4320
  [95/269] https://leadership.opm.gov/programs.aspx?course=151
  [96/269] https://share.percipio.com/cd/Z-o-NmMhi
  [97/269] https://leadership.opm.gov/programs.aspx?course=43
  [98/269] https://leadership.opm.gov/programs.aspx?course=285
  [99/269] https://leadership.opm.gov/programs.aspx?course=225
  [100/269] https://share.percipio.com/cd/Ag6CTI_g0
  [101/269] https://share.percipio.com/cd/7TIXpEDA-
  [102/269] https://share.percipio.com/cd/mZw7JQf-H
  [103/269] https://gsa.csod.com/ui/lms-learning-details/app/onlineContent/64fd286c-
  [104/269] https://www.graduateschool.edu/courses/decision-making-and-problem-solvi
  [105/269] https://www.bmra.com/professional-development/Critical-Thinking-and-Prob
  [106/269] https://ciinternational.com/services/training
  [107/269] https://leadership.opm.gov/programs.aspx?course=47
  [108/269] https://gsa.csod.com/ui/lms-learning-details/app/onlineContent/12cde938-
  [109/269] https://gsa.csod.com/ui/lms-learning-details/app/onlineContent/e13092bf-
  [110/269] https://gsa.csod.com/ui/lms-learning-details/app/onlineContent/73930094-
  [111/269] https://gsa.csod.com/ui/lms-learning-details/app/onlineContent/287025d3-
  [112/269] https://gsa.csod.com/ui/lms-learning-details/app/onlineContent/c1a6ab87-
  [113/269] https://gsa.csod.com/ui/lms-learning-details/app/onlineContent/bd78212d-
  [114/269] https://www.managementconcepts.com/course/id/6886
  [115/269] https://register.graduateschool.edu/modules/shop/index.html?action=secti
  [116/269] https://bmra.com/course-item/fpm-511-managing-it-projects/
  [117/269] https://register.graduateschool.edu/modules/shop/index.html?action=secti
  [118/269] https://www.managementconcepts.com/course/id/6100
  [119/269] https://leadership.opm.gov/programs.aspx?course=278
  [120/269] https://gsa.csod.com/ui/lms-learning-details/app/onlineContent/e81084d3-
  [121/269] https://gsa.csod.com/ui/lms-learning-details/app/onlineContent/108f93fc-
  [122/269] https://leadership.opm.gov/programs.aspx?course=3
  [123/269] https://share.percipio.com/cd/2_cWTDp-7
  [124/269] https://gsa.csod.com/ui/lms-learning-details/app/onlineContent/ea8234c6-
  [125/269] https://gsa.csod.com/ui/lms-learning-details/app/onlineContent/2ba1bc2b-
  [126/269] https://gsa.csod.com/ui/lms-learning-details/app/onlineContent/2dae32cf-
  [127/269] https://gsa.csod.com/ui/lms-learning-details/app/onlineContent/3d5c9804-
  [128/269] https://www.managementconcepts.com/course/id/6162
  [129/269] https://leadership.opm.gov/programs.aspx?course=359
  [130/269] https://leadership.opm.gov/programs.aspx?course=8
  [131/269] https://leadership.opm.gov/programs.aspx?course=358
  [132/269] https://leadership.opm.gov/search.aspx?c=11&sortby=2
  [133/269] https://share.percipio.com/cd/bf1HenVSk
  [134/269] https://share.percipio.com/cd/qdoTIajNU
  [135/269] https://gsa.csod.com/ui/lms-learning-details/app/onlineContent/aecb2de0-
  [136/269] https://gsa.csod.com/ui/lms-learning-details/app/onlineContent/e8ffcdfe-
  [137/269] https://gsa.csod.com/ui/lms-learning-details/app/onlineContent/660edb16-
  [138/269] https://www.managementconcepts.com/course/id/4062
  [139/269] https://www.graduateschool.edu/courses/strategic-planning-for-government
  [140/269] https://leadership.opm.gov/programs.aspx?course=150
  [141/269] https://leadership.opm.gov/programs.aspx?course=195
  [142/269] https://share.percipio.com/cd/Gtum_LvgU
  [143/269] https://share.percipio.com/cd/PO3vR5Mtl
  [144/269] https://share.percipio.com/cd/qvbLGNM-I
  [145/269] https://gsa.csod.com/ui/lms-learning-details/app/onlineContent/ae685ef9-
  [146/269] https://register.graduateschool.edu/modules/shop/index.html?action=secti
  [147/269] https://www.managementconcepts.com/course/id/4730
  [148/269] https://www.managementconcepts.com/course/id/4370
  [149/269] https://www.strategyex.com/explore-our-courses/adaptive-strategic-execut
  [150/269] https://leadership.opm.gov/programs.aspx?course=124
  [151/269] https://leadership.opm.gov/programs.aspx?course=328
  [152/269] https://gsa.csod.com/ui/lms-learning-details/app/onlineContent/603b9357-
  [153/269] https://share.percipio.com/cd/2S_E6DWrt
  [154/269] https://share.percipio.com/cd/VpdpsTWBw
  [155/269] https://share.percipio.com/cd/FknMm9lmG
  [156/269] https://bmra.com/course-item/communicating-up-down-and-across-organizati
  [157/269] https://careerstonegroup.com/training-writing-matters.html
  [158/269] https://www.federaltraining.com/courses/written_communication/Report_Wri
  [159/269] https://www.graduateschool.edu/courses/fundamentals-of-writing
  [160/269] https://www.bmra.com/professional-development/Government-Technical-Writi
  [161/269] https://insite.gsa.gov/employee-resources/acquisition-purchases-and-paym
  [162/269] https://gsa.csod.com/ui/lms-learning-details/app/course/52d8952c-ea95-40
  [163/269] https://www.managementconcepts.com/Training/Browse-Training?search=Acqui
  [164/269] https://community.max.gov/display/Budget/Budget+LoB+Budget+Training
  [165/269] https://gsa.csod.com/ui/lms-learning-details/app/onlineContent/4939f731-
  [166/269] https://share.percipio.com/cd/d9d2ShBiF
  [167/269] https://gsa.csod.com/ui/lms-learning-details/app/onlineContent/da644354-
  [168/269] https://gsa.csod.com/ui/lms-learning-details/app/onlineContent/4afd7ffb-
  [169/269] https://www.managementconcepts.com/course/id/5090
  [170/269] https://www.federaltraining.com/courses/financial-management-federal-bud
  [171/269] https://gai.georgetown.edu/?p=470
  [172/269] https://www.managementconcepts.com/course/id/5118
  [173/269] https://www.managementconcepts.com/course/id/5321
  [174/269] https://share.percipio.com/cd/EeXsPDppT
  [175/269] https://gsa.csod.com/ui/lms-learning-details/app/course/1a80d8f2-937a-4d
  [176/269] https://gsa.csod.com/ui/lms-learning-details/app/onlineContent/7ca21b4d-
  [177/269] https://gsa.csod.com/ui/lms-learning-details/app/course/e9cf6083-c5bd-44
  [178/269] https://gsa.csod.com/ui/lms-learning-details/app/course/e3b7c195-4aae-4f
  [179/269] https://gai.georgetown.edu/advanced-legislative-process-2-days/
  [180/269] https://www.fai.gov/certification/fac-cor
  [181/269] https://insite.gsa.gov/employee-resources/acquisition-purchases-and-paym
  [182/269] https://insite.gsa.gov/employee-resources/acquisition-purchases-and-paym
  [183/269] https://www.managementconcepts.com/Training/Browse-Training?search=Appro
  [184/269] https://gsa.csod.com/ui/lms-learning-details/app/onlineContent/917b3bc1-
  [185/269] https://gsa.csod.com/samldefault.aspx?ouid=1&returnurl=%252fDeepLink%252
  [186/269] https://gsa.csod.com/samldefault.aspx?ouid=1&returnurl=%252fDeepLink%252
  [187/269] https://gsa.csod.com/ui/lms-learning-details/app/onlineContent/4461e20d-
  [188/269] https://gsa.csod.com/ui/lms-learning-details/app/onlineContent/e4e5dd2c-
  [189/269] http://V
  [190/269] https://gsa.csod.com/ui/lms-learning-details/app/onlineContent/b299fac5-
  [191/269] https://gsa.csod.com/ui/lms-learning-details/app/onlineContent/78daaeb7-
  [192/269] https://www.federaltraining.com/courses/federal_budget_financial_managem
  [193/269] https://gsa.csod.com/ui/lms-learning-details/app/onlineContent/5d552511-
  [194/269] https://gsa.csod.com/ui/lms-learning-details/app/onlineContent/29484b95-
  [195/269] https://gsa.csod.com/ui/lms-learning-details/app/onlineContent/c2464d85-
  [196/269] https://gsa.csod.com/ui/lms-learning-details/app/onlineContent/576b4843-
  [197/269] https://gsa.csod.com/ui/lms-learning-details/app/onlineContent/0dadf48f-
  [198/269] https://gsa.csod.com/ui/lms-learning-details/app/onlineContent/01be11d7-
  [199/269] https://www.managementconcepts.com/course/id/5051
  [200/269] https://www.managementconcepts.com/course/id/5749
  [201/269] https://leadership.opm.gov/programs.aspx?course=343
  [202/269] https://gsa.csod.com/ui/lms-learning-details/app/onlineContent/afcbd18e-
  [203/269] https://gsa.csod.com/ui/lms-learning-details/app/onlineContent/e947167c-
  [204/269] https://gsa.csod.com/ui/lms-learning-details/app/onlineContent/9274a15f-
  [205/269] https://leadership.opm.gov/programs.aspx?course=263
  [206/269] https://gsa.csod.com/ui/lms-learning-details/app/onlineContent/0975494a-
  [207/269] https://gsa.csod.com/ui/lms-learning-details/app/course/073d1602-4113-4a
  [208/269] https://gsa.csod.com/ui/lms-learning-details/app/course/82d9efa9-5aa1-46
  [209/269] https://gsa.csod.com/ui/lms-learning-details/app/course/90317fcd-f0b5-4b
  [210/269] https://gai.georgetown.edu/congressional-justifications-workshop-2-days/
  [211/269] https://gai.georgetown.edu/preparing-and-delivering-congressional-testim
  [212/269] https://gsa.csod.com/ui/lms-learning-details/app/curriculum/38a71e0f-338
  [213/269] https://gsa.csod.com/ui/lms-learning-details/app/course/a8059567-e086-4a
  [214/269] https://gsa.csod.com/ui/lms-learning-details/app/material/026a4016-5aba-
  [215/269] https://gai.georgetown.edu/working-and-communicating-more-effectively-wi
  [216/269] https://gsa.csod.com/ui/lms-learning-details/app/course/ab08cadf-c1e8-40
  [217/269] https://gsa.csod.com/ui/lms-learning-details/app/material/bd1f2a01-9aa4-
  [218/269] https://gsa.csod.com/ui/lms-learning-details/app/course/1198ff68-b612-43
  [219/269] https://gsa.csod.com/ui/lms-learning-details/app/onlineContent/5e369c9f-
  [220/269] https://gsa.csod.com/ui/lms-learning-details/app/onlineContent/8f5a89cb-
  [221/269] https://gsa.csod.com/ui/lms-learning-details/app/course/ddb2dacf-8ae4-45
  [222/269] https://leadership.opm.gov/programs.aspx?course=341
  [223/269] https://gsa.csod.com/ui/lms-learning-details/app/course/ace79ae3-a844-42
  [224/269] https://gsa.csod.com/ui/lms-learning-details/app/course/be45e242-e39e-49
  [225/269] https://gsa.csod.com/ui/lms-learning-details/app/onlineContent/3d4caddb-
  [226/269] https://gsa.csod.com/ui/lms-learning-details/app/onlineContent/d0f52c41-
  [227/269] https://gsa.csod.com/ui/lms-learning-details/app/curriculum/fc198f14-fde
  [228/269] https://bmra.com/course-item/procurement-innovation/
  [229/269] https://www.managementconcepts.com/course/id/1042
  [230/269] https://gsa.csod.com/ui/lms-learning-details/app/onlineContent/7b226db7-
  [231/269] https://gsa.csod.com/ui/lms-learning-details/app/onlineContent/a1a23d51-
  [232/269] https://gsa.csod.com/ui/lms-learning-details/app/onlineContent/3e3cd8bc-
  [233/269] https://gsa.csod.com/ui/lms-learning-details/app/onlineContent/864565af-
  [234/269] https://www.managementconcepts.com/course/id/4610
  [235/269] https://bmra.com/course-item/market-research/
  [236/269] https://gsa.csod.com/ui/lms-learning-details/app/onlineContent/4a4ed4c3-
  [237/269] https://gsa.csod.com/ui/lms-learning-details/app/onlineContent/720c8a11-
  [238/269] https://www.managementconcepts.com/course/id/6103
  [239/269] https://gsa.csod.com/ui/lms-learning-details/app/onlineContent/f0418f8e-
  [240/269] https://gsa.csod.com/ui/lms-learning-details/app/course/15d6b675-8613-42
  [241/269] https://www.managementconcepts.com/course/id/5892
  [242/269] https://www.gsa.gov/policy-regulations/policy/aviation-management-policy
  [243/269] https://sftool.gov/learn/about/639/climate-terms-tools
  [244/269] https://www.globalchange.gov/climate-change
  [245/269] https://www.gsa.gov/governmentwide-initiatives/climate-action-and-sustai
  [246/269] https://www.gsa.gov/governmentwide-initiatives/climate-action-and-sustai
  [247/269] https://www.gsa.gov/governmentwide-initiatives/federal-highperformance-g
  [248/269] https://www.sustainability.gov/pdfs/gsa-2021-cap.pdf
  [249/269] https://insite.gsa.gov/services-and-offices/office-of-governmentwide-pol
  [250/269] https://www.gsa.gov/policy-regulations/policy/information-technology-pol
  [251/269] https://www.gsa.gov/policy-regulations/policy/federal-advisory-committee
  [252/269] https://www.gsa.gov/far
  [253/269] https://www.acquisition.gov/browse/index/far
  [254/269] https://www.gsa.gov/gsam
  [255/269] https://www.acquisition.gov/browse/index/gsam
  [256/269] https://www.gsa.gov/policy-regulations/policy/federal-regulation-policy-
  [257/269] https://www.gsa.gov/policy-regulations/regulations/federal-management-re
  [258/269] https://insite.gsa.gov/topics/hr-pay-and-leave/hr-pay-and-leave-policies
  [259/269] https://www.gsa.gov/policy-regulations/policy/information-technology-pol
  [260/269] https://www.gsa.gov/policy-regulations/policy/information-technology-pol
  [261/269] https://www.gsa.gov/policy-regulations/policy/mail-management-policy-ove
  [262/269] https://www.gsa.gov/policy-regulations/policy/personal-property-policy-o
  [263/269] https://www.reginfo.gov/public/jsp/Utilities/aboutUs.myjsp
  [264/269] https://www.gsa.gov/policy-regulations/policy/real-property-policy-divis
  [265/269] https://sftool.gov/plan/553/framework-managing-climate-risks-federal-age
  [266/269] https://www.gsa.gov/policy-regulations/policy/employee-relocation-manage
  [267/269] https://www.gsa.gov/policy-regulations/policy/travel-management-policy-o
  [268/269] https://www.gsa.gov/policy-regulations/policy/transportation-management-
  [269/269] https://www.gsa.gov/ftr

Results written → link_check_results.csv
Summary: 90 OK, 179 with issues (out of 269 total rows; 269 checked this run).
